\BOOKMARK [1][-]{section.1}{\376\377\000T\036\325\000n\000g\000\040\000q\000u\000a\000n\000\040\000h\036\307\000\040\000t\000h\036\321\000n\000g}{}% 1
\BOOKMARK [2][-]{subsection.1.1}{\376\377\000H\001\260\036\333\000n\000g\000\040\001\021\036\323\000\040\000\341\000n\000\040\001\021\000\343\000\040\000c\000h\036\315\000n}{section.1}% 2
\BOOKMARK [2][-]{subsection.1.2}{\376\377\000S\001\241\000\040\001\021\036\323\000\040\000m\036\241\000n\000g\000\040\000v\000\340\000\040\000c\000\341\000c\000\040\000m\000\341\000y\000\040\036\243\000o\000\040\000\050\000V\000M\000\051}{section.1}% 3
\BOOKMARK [2][-]{subsection.1.3}{\376\377\000C\036\245\000u\000\040\000h\000\354\000n\000h\000\040\000l\001\260\000u\000\040\000t\000r\036\357\000\040\000p\000h\036\247\000n\000\040\000c\036\351\000n\000g}{section.1}% 4
\BOOKMARK [2][-]{subsection.1.4}{\376\377\000G\000i\036\243\000i\000\040\000p\000h\000\341\000p\000\040\000t\000r\000u\000y\000\040\000c\036\255\000p\000\040\000q\000u\036\243\000n\000\040\000t\000r\036\313\000\040\000t\036\353\000\040\000x\000a\000\040\000\050\000S\000S\000H\000\040\000P\000r\000o\000x\000y\000J\000u\000m\000p\000\051}{section.1}% 5
\BOOKMARK [1][-]{section.2}{\376\377\000C\000\341\000c\000\040\000b\001\260\036\333\000c\000\040\000x\000\342\000y\000\040\000d\036\361\000n\000g\000\040\000h\036\307\000\040\000t\000h\036\321\000n\000g}{}% 6
\BOOKMARK [2][-]{subsection.2.1}{\376\377\000C\000\340\000i\000\040\001\021\036\267\000t\000\040\000c\000\341\000c\000\040\000g\000\363\000i\000\040\000p\000h\036\247\000n\000\040\000m\036\301\000m\000\040\000c\036\247\000n\000\040\000t\000h\000i\036\277\000t}{section.2}% 7
\BOOKMARK [2][-]{subsection.2.2}{\376\377\000K\000h\036\337\000i\000\040\000t\036\241\000o\000\040\000t\000\340\000i\000\040\000k\000h\000o\036\243\000n\000\040\000q\000u\036\243\000n\000\040\000t\000r\036\313\000\040\000v\000i\000\352\000n}{section.2}% 8
\BOOKMARK [2][-]{subsection.2.3}{\376\377\000C\036\245\000u\000\040\000h\000\354\000n\000h\000\040\000N\000g\000i\000n\000x\000\040\000V\000i\000r\000t\000u\000a\000l\000\040\000H\000o\000s\000t\000s}{section.2}% 9
\BOOKMARK [3][-]{subsubsection.2.3.1}{\376\377\000V\000i\000r\000t\000u\000a\000l\000\040\000H\000o\000s\000t\000\040\0001\000:\000\040\000R\000e\000v\000e\000r\000s\000e\000\040\000P\000r\000o\000x\000y\000\040\000t\000r\036\317\000\040\001\021\036\277\000n\000\040\000B\000a\000c\000k\000e\000n\000d\000\040\000A\000p\000p\000l\000i\000c\000a\000t\000i\000o\000n\000\040\000\050\000a\000p\000p\000.\000c\000o\000n\000f\000\051}{subsection.2.3}% 10
\BOOKMARK [3][-]{subsubsection.2.3.2}{\376\377\000V\000i\000r\000t\000u\000a\000l\000\040\000H\000o\000s\000t\000\040\0002\000:\000\040\000T\000r\000a\000n\000g\000\040\000t\000r\036\241\000n\000g\000\040\000t\000h\000\341\000i\000\040\000t\001\051\000n\000h\000\040\000\050\000s\000t\000a\000t\000u\000s\000.\000c\000o\000n\000f\000\051}{subsection.2.3}% 11
\BOOKMARK [2][-]{subsection.2.4}{\376\377\000C\036\245\000u\000\040\000h\000\354\000n\000h\000\040\036\351\000n\000g\000\040\000d\036\345\000n\000g\000\040\000v\000\340\000\040\000C\001\241\000\040\000s\036\337\000\040\000d\036\357\000\040\000l\000i\036\307\000u}{section.2}% 12
\BOOKMARK [3][-]{subsubsection.2.4.1}{\376\377\000C\036\245\000u\000\040\000h\000\354\000n\000h\000\040\000d\036\313\000c\000h\000\040\000v\036\345\000\040\000s\000y\000s\000t\000e\000m\000d\000\040\000c\000h\000o\000\040\000B\000a\000c\000k\000e\000n\000d\000\040\000\050\000m\000y\000a\000p\000p\000.\000s\000e\000r\000v\000i\000c\000e\000\051}{subsection.2.4}% 13
\BOOKMARK [3][-]{subsubsection.2.4.2}{\376\377\000C\036\245\000u\000\040\000h\000\354\000n\000h\000\040\000C\001\241\000\040\000s\036\337\000\040\000d\036\357\000\040\000l\000i\036\307\000u\000\040\000M\000y\000S\000Q\000L}{subsection.2.4}% 14
\BOOKMARK [3][-]{subsubsection.2.4.3}{\376\377\000M\000\343\000\040\000n\000g\000u\036\323\000n\000\040\036\351\000n\000g\000\040\000d\036\345\000n\000g\000\040\000B\000a\000c\000k\000e\000n\000d}{subsection.2.4}% 15
\BOOKMARK [1][-]{section.3}{\376\377\000G\000i\000a\000\040\000c\036\321\000\040\000b\036\243\000o\000\040\000m\036\255\000t}{}% 16
\BOOKMARK [2][-]{subsection.3.1}{\376\377\000C\036\245\000u\000\040\000h\000\354\000n\000h\000\040\000t\001\260\036\335\000n\000g\000\040\000l\036\355\000a\000\040\000U\000F\000W}{section.3}% 17
\BOOKMARK [2][-]{subsection.3.2}{\376\377\000G\000i\000a\000\040\000c\036\321\000\040\000d\036\313\000c\000h\000\040\000v\036\345\000\040\000S\000S\000H}{section.3}% 18
\BOOKMARK [2][-]{subsection.3.3}{\376\377\000K\000h\036\257\000c\000\040\000p\000h\036\345\000c\000\040\000l\036\327\000i\000\040\000g\000h\000i\000\040\001\021\000\350\000\040\000c\036\347\000a\000\040\000c\000l\000o\000u\000d\000-\000i\000n\000i\000t}{section.3}% 19
\BOOKMARK [2][-]{subsection.3.4}{\376\377\000B\000r\000u\000t\000e\000-\000f\000o\000r\000c\000e\000\040\000P\000r\000o\000t\000e\000c\000t\000i\000o\000n\000\040\000\050\000f\000a\000i\000l\0002\000b\000a\000n\000\051}{section.3}% 20
\BOOKMARK [2][-]{subsection.3.5}{\376\377\000G\000i\000\341\000m\000\040\000s\000\341\000t\000\040\000h\036\307\000\040\000t\000h\036\321\000n\000g\000\040\000\050\000a\000u\000d\000i\000t\000d\000\051}{section.3}% 21
\BOOKMARK [2][-]{subsection.3.6}{\376\377\001\020\000\341\000n\000h\000\040\000g\000i\000\341\000\040\000a\000n\000\040\000t\000o\000\340\000n\000\040\000h\036\307\000\040\000t\000h\036\321\000n\000g\000\040\000\050\000L\000y\000n\000i\000s\000\051}{section.3}% 22
\BOOKMARK [1][-]{section.4}{\376\377\000S\000a\000o\000\040\000l\001\260\000u\000\040\000\046\000\040\000K\000h\000\364\000i\000\040\000p\000h\036\345\000c}{}% 23
\BOOKMARK [2][-]{subsection.4.1}{\376\377\000C\000h\000i\036\277\000n\000\040\000l\001\260\036\343\000c\000\040\000s\000a\000o\000\040\000l\001\260\000u\000\040\000t\036\361\000\040\001\021\036\331\000n\000g}{section.4}% 24
\BOOKMARK [2][-]{subsection.4.2}{\376\377\000C\036\245\000u\000\040\000h\000\354\000n\000h\000\040\000l\036\255\000p\000\040\000l\036\313\000c\000h\000\040\000s\000a\000o\000\040\000l\001\260\000u\000\040\000v\000\340\000\040\000q\000u\000y\000\040\000t\000r\000\354\000n\000h\000\040\000k\000h\000\364\000i\000\040\000p\000h\036\345\000c}{section.4}% 25
\BOOKMARK [3][-]{subsubsection.4.2.1}{\376\377\000C\036\245\000u\000\040\000h\000\354\000n\000h\000\040\000c\000\341\000c\000\040\000t\036\307\000p\000\040\000c\000h\036\351\000a\000\040\000b\000i\036\277\000n\000\040\000m\000\364\000i\000\040\000t\000r\001\260\036\335\000n\000g}{subsection.4.2}% 26
\BOOKMARK [3][-]{subsubsection.4.2.2}{\376\377\000C\000\341\000c\000\040\000t\036\255\000p\000\040\000l\036\307\000n\000h\000\040\000s\000a\000o\000\040\000l\001\260\000u\000\040\000v\000\340\000\040\000k\000h\000\364\000i\000\040\000p\000h\036\345\000c\000\040\000C\000S\000D\000L}{subsection.4.2}% 27
\BOOKMARK [3][-]{subsubsection.4.2.3}{\376\377\000C\000\341\000c\000\040\000t\036\255\000p\000\040\000l\036\307\000n\000h\000\040\000s\000a\000o\000\040\000l\001\260\000u\000\040\000v\000\340\000\040\000k\000h\000\364\000i\000\040\000p\000h\036\345\000c\000\040\000t\000o\000\340\000n\000\040\000d\000i\036\307\000n\000\040\001\021\000a\000\040\000t\036\247\000n\000g}{subsection.4.2}% 28
\BOOKMARK [3][-]{subsubsection.4.2.4}{\376\377\000C\036\245\000u\000\040\000h\000\354\000n\000h\000\040\000l\036\255\000p\000\040\000l\036\313\000c\000h\000\040\000t\036\361\000\040\001\021\036\331\000n\000g\000\040\000h\000\363\000a\000\040\000b\036\261\000n\000g\000\040\000C\000r\000o\000n}{subsection.4.2}% 29
\BOOKMARK [3][-]{subsubsection.4.2.5}{\376\377\000D\000i\036\305\000n\000\040\000t\036\255\000p\000\040\000t\000h\036\361\000c\000\040\000t\036\277\000\040\000k\000h\000\364\000i\000\040\000p\000h\036\345\000c\000\040\000t\000h\036\243\000m\000\040\000h\036\315\000a\000\040\000C\000S\000D\000L}{subsection.4.2}% 30
\BOOKMARK [1][-]{section.5}{\376\377\000T\036\361\000\040\001\021\036\331\000n\000g\000\040\000h\000\363\000a}{}% 31
\BOOKMARK [2][-]{subsection.5.1}{\376\377\000S\000c\000r\000i\000p\000t\000\040\000c\036\245\000u\000\040\000h\000\354\000n\000h\000\040\000t\001\260\036\335\000n\000g\000\040\000l\036\355\000a\000\040\000U\000F\000W\000\040\000\050\000u\000f\000w\000\137\000s\000e\000t\000u\000p\000.\000s\000h\000\051}{section.5}% 32
\BOOKMARK [2][-]{subsection.5.2}{\376\377\000S\000c\000r\000i\000p\000t\000\040\000m\000\364\000\040\000p\000h\036\317\000n\000g\000\040\000d\000\362\000\040\000m\036\255\000t\000\040\000k\000h\036\251\000u\000\040\000S\000S\000H\000\040\000\050\000s\000i\000m\000u\000l\000a\000t\000e\000\137\000s\000s\000h\000\137\000b\000r\000u\000t\000e\000f\000o\000r\000c\000e\000.\000s\000h\000\051}{section.5}% 33
\BOOKMARK [2][-]{subsection.5.3}{\376\377\000C\000\341\000c\000\040\000s\000c\000r\000i\000p\000t\000\040\000t\036\361\000\040\001\021\036\331\000n\000g\000\040\000h\000\363\000a\000\040\000k\000h\000\341\000c\000\040\000t\000r\000o\000n\000g\000\040\000h\036\307\000\040\000t\000h\036\321\000n\000g}{section.5}% 34
\BOOKMARK [3][-]{subsubsection.5.3.1}{\376\377\000T\000h\001\260\000\040\000v\000i\036\307\000n\000\040\000g\036\355\000i\000\040\000c\036\243\000n\000h\000\040\000b\000\341\000o\000\040\000T\000e\000l\000e\000g\000r\000a\000m\000\040\000\050\000l\000i\000b\000/\000a\000l\000e\000r\000t\000.\000s\000h\000\051}{subsection.5.3}% 35
\BOOKMARK [3][-]{subsubsection.5.3.2}{\376\377\000S\000c\000r\000i\000p\000t\000\040\000g\000i\000\341\000m\000\040\000s\000\341\000t\000\040\000s\036\351\000c\000\040\000k\000h\036\317\000e\000\040\000h\036\307\000\040\000t\000h\036\321\000n\000g\000\040\000v\000\340\000\040\000d\036\313\000c\000h\000\040\000v\036\345\000\040\000\050\000h\000e\000a\000l\000t\000h\000c\000h\000e\000c\000k\000.\000s\000h\000\051}{subsection.5.3}% 36
\BOOKMARK [3][-]{subsubsection.5.3.3}{\376\377\000S\000c\000r\000i\000p\000t\000\040\000t\000r\000i\036\303\000n\000\040\000k\000h\000a\000i\000\040\000a\000n\000\040\000t\000o\000\340\000n\000\040\000c\000\363\000\040\000t\036\361\000\040\001\021\036\331\000n\000g\000\040\000R\000o\000l\000l\000b\000a\000c\000k\000\040\000\050\000d\000e\000p\000l\000o\000y\000.\000s\000h\000\051}{subsection.5.3}% 37
\BOOKMARK [3][-]{subsubsection.5.3.4}{\376\377\000S\000c\000r\000i\000p\000t\000\040\000x\000o\000a\000y\000\040\000v\000\362\000n\000g\000\040\000v\000\340\000\040\000n\000\351\000n\000\040\000n\000h\036\255\000t\000\040\000k\000\375\000\040\000\050\000l\000o\000g\000r\000o\000t\000a\000t\000e\000.\000s\000h\000\051}{subsection.5.3}% 38
\BOOKMARK [3][-]{subsubsection.5.3.5}{\376\377\000M\000e\000n\000u\000\040\000C\000L\000I\000\040\001\021\000i\036\301\000u\000\040\000p\000h\036\321\000i\000\040\000t\001\260\001\241\000n\000g\000\040\000t\000\341\000c\000\040\000h\036\307\000\040\000t\000h\036\321\000n\000g\000\040\000\050\000m\000a\000i\000n\000.\000s\000h\000\051}{subsection.5.3}% 39
\BOOKMARK [3][-]{subsubsection.5.3.6}{\376\377\000K\036\313\000c\000h\000\040\000b\036\243\000n\000\040\000k\000i\036\303\000m\000\040\000t\000h\036\355\000\040\000c\000\341\000c\000\040\000t\000\355\000n\000h\000\040\000n\001\003\000n\000g\000\040\000t\036\361\000\040\001\021\036\331\000n\000g\000\040\000h\000\363\000a}{subsection.5.3}% 40
\BOOKMARK [1][-]{section.6}{\376\377\001\020\000i\036\303\000m\000\040\000t\000h\001\260\036\337\000n\000g\000\040\000T\000L\000S\000\040\000/\000\040\000H\000T\000T\000P\000S}{}% 41
\BOOKMARK [2][-]{subsection.6.1}{\376\377\000L\036\255\000p\000\040\000l\000u\036\255\000n\000\040\000k\000h\000o\000a\000\040\000h\036\315\000c\000\040\000v\036\301\000\040\000c\000h\036\351\000n\000g\000\040\000c\000h\036\311\000\040\000t\036\361\000\040\000k\000\375\000\040\000t\000r\000\352\000n\000\040\000m\000\364\000i\000\040\000t\000r\001\260\036\335\000n\000g\000\040\000L\000a\000b}{section.6}% 42
\BOOKMARK [2][-]{subsection.6.2}{\376\377\000C\000\341\000c\000\040\000b\001\260\036\333\000c\000\040\000t\036\241\000o\000\040\000c\000h\036\351\000n\000g\000\040\000c\000h\036\311\000\040\000t\036\361\000\040\000k\000\375\000\040\000v\000\340\000\040\000c\036\245\000u\000\040\000h\000\354\000n\000h\000\040\000N\000g\000i\000n\000x}{section.6}% 43
\BOOKMARK [1][-]{section.7}{\376\377\000N\000h\000\354\000n\000\040\000l\036\241\000i}{}% 44
\BOOKMARK [2][-]{subsection.7.1}{\376\377\000B\000\340\000i\000\040\000h\036\315\000c\000\040\000t\036\353\000\040\000s\036\361\000\040\000c\036\321\000\040\000c\000l\000o\000u\000d\000-\000i\000n\000i\000t}{section.7}% 45
\BOOKMARK [2][-]{subsection.7.2}{\376\377\000K\036\277\000\040\000h\000o\036\241\000c\000h\000\040\000c\036\243\000i\000\040\000t\000i\036\277\000n\000\040\000v\000\340\000\040\000B\000\340\000i\000\040\000h\036\315\000c\000\040\000k\000h\000\341\000c}{section.7}% 46
